[INFO] Scanning for projects...
[INFO] 
[INFO] ----------------< pl.weekendflyer:weekend-flight-agent >----------------
[INFO] Building weekend-flight-agent 0.0.1-SNAPSHOT
[INFO]   from pom.xml
[INFO] --------------------------------[ jar ]---------------------------------
[INFO] 
[INFO] --- clean:3.5.0:clean (default-clean) @ weekend-flight-agent ---
[INFO] Deleting C:\Projects\weekend-flight-agent\target
[INFO] 
[INFO] --- resources:3.3.1:resources (default-resources) @ weekend-flight-agent ---
[INFO] Copying 1 resource from src\main\resources to target\classes
[INFO] Copying 2 resources from src\main\resources to target\classes
[INFO] 
[INFO] --- compiler:3.14.1:compile (default-compile) @ weekend-flight-agent ---
[INFO] Recompiling the module because of changed source code.
[INFO] Compiling 21 source files with javac [debug parameters release 17] to target\classes
[INFO] 
[INFO] --- resources:3.3.1:testResources (default-testResources) @ weekend-flight-agent ---
[INFO] skip non existing resourceDirectory C:\Projects\weekend-flight-agent\src\test\resources
[INFO] 
[INFO] --- compiler:3.14.1:testCompile (default-testCompile) @ weekend-flight-agent ---
[INFO] Recompiling the module because of changed dependency.
[INFO] Compiling 12 source files with javac [debug parameters release 17] to target\test-classes
[INFO] 
[INFO] --- surefire:3.5.4:test (default-test) @ weekend-flight-agent ---
[INFO] Using auto detected provider org.apache.maven.surefire.junitplatform.JUnitPlatformProvider
[INFO] 
[INFO] -------------------------------------------------------
[INFO]  T E S T S
[INFO] -------------------------------------------------------
[INFO] Running pl.weekendflyer.weekendFlightAgent.config.AgentPropertiesPlannerTest
[INFO] Tests run: 6, Failures: 0, Errors: 0, Skipped: 0, Time elapsed: 0.336 s -- in pl.weekendflyer.weekendFlightAgent.config.AgentPropertiesPlannerTest
[INFO] Running pl.weekendflyer.weekendFlightAgent.domain.eval.TripEvaluatorFullDaysTest
[INFO] Tests run: 7, Failures: 0, Errors: 0, Skipped: 0, Time elapsed: 0.153 s -- in pl.weekendflyer.weekendFlightAgent.domain.eval.TripEvaluatorFullDaysTest
[INFO] Running pl.weekendflyer.weekendFlightAgent.domain.eval.TripEvaluatorHardConstraintsTest
[INFO] Tests run: 13, Failures: 0, Errors: 0, Skipped: 0, Time elapsed: 0.048 s -- in pl.weekendflyer.weekendFlightAgent.domain.eval.TripEvaluatorHardConstraintsTest
[INFO] Running pl.weekendflyer.weekendFlightAgent.domain.eval.TripEvaluatorSaturdayRuleTest
[INFO] Tests run: 13, Failures: 0, Errors: 0, Skipped: 0, Time elapsed: 0.104 s -- in pl.weekendflyer.weekendFlightAgent.domain.eval.TripEvaluatorSaturdayRuleTest
[INFO] Running pl.weekendflyer.weekendFlightAgent.domain.model.CandidateWindowTest
[INFO] Tests run: 17, Failures: 0, Errors: 0, Skipped: 0, Time elapsed: 0.062 s -- in pl.weekendflyer.weekendFlightAgent.domain.model.CandidateWindowTest
[INFO] Running pl.weekendflyer.weekendFlightAgent.domain.planner.TripWindowGeneratorTest
01:00:02.222 [main] INFO pl.weekendflyer.weekendFlightAgent.domain.planner.TripWindowGenerator -- Generated 48 candidate windows (global limit: 1000)
01:00:02.227 [main] INFO pl.weekendflyer.weekendFlightAgent.domain.planner.TripWindowGenerator -- Generated 48 candidate windows (global limit: 1000)
01:00:02.230 [main] INFO pl.weekendflyer.weekendFlightAgent.domain.planner.TripWindowGenerator -- Generated 0 candidate windows (global limit: 1000)
01:00:02.232 [main] INFO pl.weekendflyer.weekendFlightAgent.domain.planner.TripWindowGenerator -- Generated 24 candidate windows (global limit: 1000)
01:00:02.235 [main] INFO pl.weekendflyer.weekendFlightAgent.domain.planner.TripWindowGenerator -- Generated 6 candidate windows (global limit: 1000)
01:00:02.238 [main] INFO pl.weekendflyer.weekendFlightAgent.domain.planner.TripWindowGenerator -- Generated 0 candidate windows (global limit: 1000)
01:00:02.240 [main] INFO pl.weekendflyer.weekendFlightAgent.domain.planner.TripWindowGenerator -- Generated 0 candidate windows (global limit: 1000)
01:00:02.242 [main] INFO pl.weekendflyer.weekendFlightAgent.domain.planner.TripWindowGenerator -- Generated 26 candidate windows (global limit: 1000)
01:00:02.244 [main] INFO pl.weekendflyer.weekendFlightAgent.domain.planner.TripWindowGenerator -- Generated 33 candidate windows (global limit: 1000)
01:00:02.250 [main] INFO pl.weekendflyer.weekendFlightAgent.domain.planner.TripWindowGenerator -- Generated 35 candidate windows (global limit: 1000)
01:00:02.256 [main] INFO pl.weekendflyer.weekendFlightAgent.domain.planner.TripWindowGenerator -- Generated 5 candidate windows (global limit: 5)
01:00:02.258 [main] INFO pl.weekendflyer.weekendFlightAgent.domain.planner.TripWindowGenerator -- Generated 19 candidate windows (global limit: 1000)
01:00:02.262 [main] INFO pl.weekendflyer.weekendFlightAgent.domain.planner.TripWindowGenerator -- Generated 39 candidate windows (global limit: 1000)
01:00:02.267 [main] INFO pl.weekendflyer.weekendFlightAgent.domain.planner.TripWindowGenerator -- Generated 0 candidate windows (global limit: 1000)
01:00:02.270 [main] INFO pl.weekendflyer.weekendFlightAgent.domain.planner.TripWindowGenerator -- Generated 8 candidate windows (global limit: 1000)
01:00:02.273 [main] INFO pl.weekendflyer.weekendFlightAgent.domain.planner.TripWindowGenerator -- Generated 12 candidate windows (global limit: 1000)
01:00:02.278 [main] INFO pl.weekendflyer.weekendFlightAgent.domain.planner.TripWindowGenerator -- Generated 1 candidate windows (global limit: 1000)
[INFO] Tests run: 16, Failures: 0, Errors: 0, Skipped: 0, Time elapsed: 0.067 s -- in pl.weekendflyer.weekendFlightAgent.domain.planner.TripWindowGeneratorTest
[INFO] Running pl.weekendflyer.weekendFlightAgent.domain.planner.WindowCheckPlannerTest
.\mvnw.cmd : Java HotSpot(TM) 64-Bit Server VM warning: Sharing is only supported for boot loader classes because bootstrap classpath has been appended
At line:1 char:38
+ ... nd-flight-agent; .\mvnw.cmd clean test 2>&1 > test-output.txt; type t ...
+                      ~~~~~~~~~~~~~~~~~~~~~~~~~~~~~~~~~~~~~~~~~~~~
    + CategoryInfo          : NotSpecified: (Java HotSpot(TM...s been appended:String) [], RemoteException
    + FullyQualifiedErrorId : NativeCommandError
 
01:00:03.791 [main] INFO pl.weekendflyer.weekendFlightAgent.domain.planner.WindowCheckPlanner -- WindowCheckPlanner: provider=TestProvider, candidates=1, eligible=1, selected=1, skippedRecent=0, skippedBudget=0
01:00:03.809 [main] INFO pl.weekendflyer.weekendFlightAgent.domain.planner.WindowCheckPlanner -- WindowCheckPlanner: provider=TestProvider, candidates=3, eligible=3, selected=3, skippedRecent=0, skippedBudget=0
01:00:03.816 [main] INFO pl.weekendflyer.weekendFlightAgent.domain.planner.WindowCheckPlanner -- WindowCheckPlanner: provider=TestProvider, candidates=2, eligible=2, selected=2, skippedRecent=0, skippedBudget=0
01:00:03.843 [main] INFO pl.weekendflyer.weekendFlightAgent.domain.planner.WindowCheckPlanner -- WindowCheckPlanner: provider=TestProvider, candidates=4, eligible=4, selected=2, skippedRecent=0, skippedBudget=2
01:00:03.849 [main] INFO pl.weekendflyer.weekendFlightAgent.domain.planner.WindowCheckPlanner -- WindowCheckPlanner: provider=TestProvider, candidates=2, eligible=2, selected=2, skippedRecent=0, skippedBudget=0
01:00:03.856 [main] INFO pl.weekendflyer.weekendFlightAgent.domain.planner.WindowCheckPlanner -- WindowCheckPlanner: provider=TestProvider, candidates=2, eligible=2, selected=2, skippedRecent=0, skippedBudget=0
01:00:03.861 [main] INFO pl.weekendflyer.weekendFlightAgent.domain.planner.WindowCheckPlanner -- WindowCheckPlanner: provider=TestProvider, candidates=1, eligible=1, selected=1, skippedRecent=0, skippedBudget=0
01:00:03.867 [main] INFO pl.weekendflyer.weekendFlightAgent.domain.planner.WindowCheckPlanner -- WindowCheckPlanner: provider=TestProvider, candidates=2, eligible=1, selected=1, skippedRecent=1, skippedBudget=0
01:00:03.873 [main] INFO pl.weekendflyer.weekendFlightAgent.domain.planner.WindowCheckPlanner -- WindowCheckPlanner: provider=TestProvider, candidates=2, eligible=2, selected=2, skippedRecent=0, skippedBudget=0
[INFO] Tests run: 10, Failures: 0, Errors: 0, Skipped: 0, Time elapsed: 1.567 s -- in pl.weekendflyer.weekendFlightAgent.domain.planner.WindowCheckPlannerTest
[INFO] Running pl.weekendflyer.weekendFlightAgent.domain.planner.WindowKeyGeneratorTest
[INFO] Tests run: 6, Failures: 0, Errors: 0, Skipped: 0, Time elapsed: 0.020 s -- in pl.weekendflyer.weekendFlightAgent.domain.planner.WindowKeyGeneratorTest
[INFO] Running pl.weekendflyer.weekendFlightAgent.FlywayMigrationIntegrationTest
01:00:04.161 [main] INFO org.springframework.test.context.support.AnnotationConfigContextLoaderUtils -- Could not detect default configuration classes for test class [pl.weekendflyer.weekendFlightAgent.FlywayMigrationIntegrationTest]: FlywayMigrationIntegrationTest does not declare any static, non-private, non-final, nested classes annotated with @Configuration.
01:00:04.357 [main] INFO org.springframework.boot.test.context.SpringBootTestContextBootstrapper -- Found @SpringBootConfiguration pl.weekendflyer.weekendFlightAgent.WeekendFlightAgentApplication for test class pl.weekendflyer.weekendFlightAgent.FlywayMigrationIntegrationTest

  .   ____          _            __ _ _
 /\\ / ___'_ __ _ _(_)_ __  __ _ \ \ \ \
( ( )\___ | '_ | '_| | '_ \/ _` | \ \ \ \
 \\/  ___)| |_)| | | | | || (_| |  ) ) ) )
  '  |____| .__|_| |_|_| |_\__, | / / / /
 =========|_|==============|___/=/_/_/_/

 :: Spring Boot ::                (v4.0.1)

2026-01-14T01:00:05.024+01:00  INFO 9648 --- [weekend-flight-agent] [           main] p.w.w.FlywayMigrationIntegrationTest     : Starting FlywayMigrationIntegrationTest using Java 17.0.10 with PID 9648 (started by Edwina in C:\Projects\weekend-flight-agent)
2026-01-14T01:00:05.026+01:00  INFO 9648 --- [weekend-flight-agent] [           main] p.w.w.FlywayMigrationIntegrationTest     : No active profile set, falling back to 1 default profile: "default"
2026-01-14T01:00:05.591+01:00  INFO 9648 --- [weekend-flight-agent] [           main] .s.d.r.c.RepositoryConfigurationDelegate : Bootstrapping Spring Data JPA repositories in DEFAULT mode.
2026-01-14T01:00:05.682+01:00  INFO 9648 --- [weekend-flight-agent] [           main] .s.d.r.c.RepositoryConfigurationDelegate : Finished Spring Data repository scanning in 74 ms. Found 2 JPA repository interfaces.
2026-01-14T01:00:06.633+01:00  INFO 9648 --- [weekend-flight-agent] [           main] com.zaxxer.hikari.HikariDataSource       : HikariPool-1 - Starting...
2026-01-14T01:00:06.892+01:00  INFO 9648 --- [weekend-flight-agent] [           main] com.zaxxer.hikari.pool.HikariPool        : HikariPool-1 - Added connection org.postgresql.jdbc.PgConnection@75c15f76
2026-01-14T01:00:06.895+01:00  INFO 9648 --- [weekend-flight-agent] [           main] com.zaxxer.hikari.HikariDataSource       : HikariPool-1 - Start completed.
2026-01-14T01:00:06.925+01:00  INFO 9648 --- [weekend-flight-agent] [           main] org.flywaydb.core.FlywayExecutor         : Database: jdbc:postgresql://localhost:5432/flight_agent (PostgreSQL 15.15)
2026-01-14T01:00:07.010+01:00  INFO 9648 --- [weekend-flight-agent] [           main] o.f.core.internal.command.DbValidate     : Successfully validated 1 migration (execution time 00:00.038s)
2026-01-14T01:00:07.066+01:00  INFO 9648 --- [weekend-flight-agent] [           main] o.f.core.internal.command.DbMigrate      : Current version of schema "public": 1
2026-01-14T01:00:07.073+01:00  INFO 9648 --- [weekend-flight-agent] [           main] o.f.core.internal.command.DbMigrate      : Schema "public" is up to date. No migration necessary.
2026-01-14T01:00:07.221+01:00  INFO 9648 --- [weekend-flight-agent] [           main] org.hibernate.orm.jpa                    : HHH008540: Processing PersistenceUnitInfo [name: default]
2026-01-14T01:00:07.336+01:00  INFO 9648 --- [weekend-flight-agent] [           main] org.hibernate.orm.core                   : HHH000001: Hibernate ORM core version 7.2.0.Final
2026-01-14T01:00:07.742+01:00  INFO 9648 --- [weekend-flight-agent] [           main] o.s.o.j.p.SpringPersistenceUnitInfo      : No LoadTimeWeaver setup: ignoring JPA class transformer
2026-01-14T01:00:07.871+01:00  INFO 9648 --- [weekend-flight-agent] [           main] org.hibernate.orm.connections.pooling    : HHH10001005: Database info:
	Database JDBC URL [jdbc:postgresql://localhost:5432/flight_agent]
	Database driver: PostgreSQL JDBC Driver
	Database dialect: PostgreSQLDialect
	Database version: 15.15
	Default catalog/schema: flight_agent/public
	Autocommit mode: undefined/unknown
	Isolation level: READ_COMMITTED [default READ_COMMITTED]
	JDBC fetch size: none
	Pool: DataSourceConnectionProvider
	Minimum pool size: undefined/unknown
	Maximum pool size: undefined/unknown
2026-01-14T01:00:08.684+01:00  INFO 9648 --- [weekend-flight-agent] [           main] org.hibernate.orm.core                   : HHH000489: No JTA platform available (set 'hibernate.transaction.jta.platform' to enable JTA platform integration)
2026-01-14T01:00:08.758+01:00  INFO 9648 --- [weekend-flight-agent] [           main] j.LocalContainerEntityManagerFactoryBean : Initialized JPA EntityManagerFactory for persistence unit 'default'
2026-01-14T01:00:08.932+01:00  INFO 9648 --- [weekend-flight-agent] [           main] o.s.d.j.r.query.QueryEnhancerFactories   : Hibernate is in classpath; If applicable, HQL parser will be used.
2026-01-14T01:00:09.462+01:00  INFO 9648 --- [weekend-flight-agent] [           main] p.w.w.FlywayMigrationIntegrationTest     : Started FlywayMigrationIntegrationTest in 4.858 seconds (process running for 9.068)
[INFO] Tests run: 3, Failures: 0, Errors: 0, Skipped: 0, Time elapsed: 5.636 s -- in pl.weekendflyer.weekendFlightAgent.FlywayMigrationIntegrationTest
[INFO] Running pl.weekendflyer.weekendFlightAgent.scheduler.DailyScanJobIntegrationTest
2026-01-14T01:00:09.569+01:00  INFO 9648 --- [weekend-flight-agent] [           main] t.c.s.AnnotationConfigContextLoaderUtils : Could not detect default configuration classes for test class [pl.weekendflyer.weekendFlightAgent.scheduler.DailyScanJobIntegrationTest]: DailyScanJobIntegrationTest does not declare any static, non-private, non-final, nested classes annotated with @Configuration.
2026-01-14T01:00:09.591+01:00  INFO 9648 --- [weekend-flight-agent] [           main] .b.t.c.SpringBootTestContextBootstrapper : Found @SpringBootConfiguration pl.weekendflyer.weekendFlightAgent.WeekendFlightAgentApplication for test class pl.weekendflyer.weekendFlightAgent.scheduler.DailyScanJobIntegrationTest

  .   ____          _            __ _ _
 /\\ / ___'_ __ _ _(_)_ __  __ _ \ \ \ \
( ( )\___ | '_ | '_| | '_ \/ _` | \ \ \ \
 \\/  ___)| |_)| | | | | || (_| |  ) ) ) )
  '  |____| .__|_| |_|_| |_\__, | / / / /
 =========|_|==============|___/=/_/_/_/

 :: Spring Boot ::                (v4.0.1)

2026-01-14T01:00:09.640+01:00  INFO 9648 --- [weekend-flight-agent] [           main] p.w.w.s.DailyScanJobIntegrationTest      : Starting DailyScanJobIntegrationTest using Java 17.0.10 with PID 9648 (started by Edwina in C:\Projects\weekend-flight-agent)
2026-01-14T01:00:09.641+01:00  INFO 9648 --- [weekend-flight-agent] [           main] p.w.w.s.DailyScanJobIntegrationTest      : No active profile set, falling back to 1 default profile: "default"
2026-01-14T01:00:09.818+01:00  INFO 9648 --- [weekend-flight-agent] [           main] .s.d.r.c.RepositoryConfigurationDelegate : Bootstrapping Spring Data JPA repositories in DEFAULT mode.
2026-01-14T01:00:09.837+01:00  INFO 9648 --- [weekend-flight-agent] [           main] .s.d.r.c.RepositoryConfigurationDelegate : Finished Spring Data repository scanning in 16 ms. Found 2 JPA repository interfaces.
2026-01-14T01:00:09.961+01:00  INFO 9648 --- [weekend-flight-agent] [           main] com.zaxxer.hikari.HikariDataSource       : HikariPool-2 - Starting...
2026-01-14T01:00:09.989+01:00  INFO 9648 --- [weekend-flight-agent] [           main] com.zaxxer.hikari.pool.HikariPool        : HikariPool-2 - Added connection org.postgresql.jdbc.PgConnection@6d17cd8b
2026-01-14T01:00:09.989+01:00  INFO 9648 --- [weekend-flight-agent] [           main] com.zaxxer.hikari.HikariDataSource       : HikariPool-2 - Start completed.
2026-01-14T01:00:09.994+01:00  INFO 9648 --- [weekend-flight-agent] [           main] org.flywaydb.core.FlywayExecutor         : Database: jdbc:postgresql://localhost:5432/flight_agent (PostgreSQL 15.15)
2026-01-14T01:00:10.044+01:00  INFO 9648 --- [weekend-flight-agent] [           main] o.f.core.internal.command.DbValidate     : Successfully validated 1 migration (execution time 00:00.017s)
2026-01-14T01:00:10.095+01:00  INFO 9648 --- [weekend-flight-agent] [           main] o.f.core.internal.command.DbMigrate      : Current version of schema "public": 1
2026-01-14T01:00:10.097+01:00  INFO 9648 --- [weekend-flight-agent] [           main] o.f.core.internal.command.DbMigrate      : Schema "public" is up to date. No migration necessary.
2026-01-14T01:00:10.140+01:00  INFO 9648 --- [weekend-flight-agent] [           main] org.hibernate.orm.jpa                    : HHH008540: Processing PersistenceUnitInfo [name: default]
2026-01-14T01:00:10.181+01:00  INFO 9648 --- [weekend-flight-agent] [           main] o.s.o.j.p.SpringPersistenceUnitInfo      : No LoadTimeWeaver setup: ignoring JPA class transformer
2026-01-14T01:00:10.201+01:00  INFO 9648 --- [weekend-flight-agent] [           main] org.hibernate.orm.connections.pooling    : HHH10001005: Database info:
	Database JDBC URL [jdbc:postgresql://localhost:5432/flight_agent]
	Database driver: PostgreSQL JDBC Driver
	Database dialect: PostgreSQLDialect
	Database version: 15.15
	Default catalog/schema: flight_agent/public
	Autocommit mode: undefined/unknown
	Isolation level: READ_COMMITTED [default READ_COMMITTED]
	JDBC fetch size: none
	Pool: DataSourceConnectionProvider
	Minimum pool size: undefined/unknown
	Maximum pool size: undefined/unknown
2026-01-14T01:00:10.255+01:00  INFO 9648 --- [weekend-flight-agent] [           main] org.hibernate.orm.core                   : HHH000489: No JTA platform available (set 'hibernate.transaction.jta.platform' to enable JTA platform integration)
2026-01-14T01:00:10.294+01:00  INFO 9648 --- [weekend-flight-agent] [           main] j.LocalContainerEntityManagerFactoryBean : Initialized JPA EntityManagerFactory for persistence unit 'default'
2026-01-14T01:00:10.477+01:00  INFO 9648 --- [weekend-flight-agent] [           main] p.w.w.s.DailyScanJobIntegrationTest      : Started DailyScanJobIntegrationTest in 0.879 seconds (process running for 10.082)
2026-01-14T01:00:10.490+01:00  INFO 9648 --- [weekend-flight-agent] [           main] p.w.w.scheduler.DailyScanJob             : Daily scan started - origins=[WAW], destinations=10, horizonDays=92
2026-01-14T01:00:10.509+01:00  INFO 9648 --- [weekend-flight-agent] [           main] p.w.w.d.planner.TripWindowGenerator      : Generated 500 candidate windows (global limit: 500)
2026-01-14T01:00:10.509+01:00  INFO 9648 --- [weekend-flight-agent] [           main] p.w.w.scheduler.DailyScanJob             : Generated 500 candidate windows
2026-01-14T01:00:11.791+01:00  INFO 9648 --- [weekend-flight-agent] [           main] p.w.w.domain.planner.WindowCheckPlanner  : WindowCheckPlanner: provider=default, candidates=500, eligible=100, selected=100, skippedRecent=400, skippedBudget=0
2026-01-14T01:00:11.792+01:00  INFO 9648 --- [weekend-flight-agent] [           main] p.w.w.scheduler.DailyScanJob             : Planner result: totalCandidates=500, selectedCount=100, skippedRecentlyChecked=400, skippedBudget=0
2026-01-14T01:00:11.793+01:00  INFO 9648 --- [weekend-flight-agent] [           main] p.w.w.scheduler.DailyScanJob             : Selected windows per destination: {DUB=26, ATH=24, CPH=26, BCN=24}
2026-01-14T01:00:11.793+01:00  INFO 9648 --- [weekend-flight-agent] [           main] p.w.w.scheduler.DailyScanJob             : Daily scan finished.
2026-01-14T01:00:11.798+01:00  INFO 9648 --- [weekend-flight-agent] [           main] p.w.w.scheduler.DailyScanJob             : Daily scan started - origins=[WAW], destinations=10, horizonDays=92
2026-01-14T01:00:11.804+01:00  INFO 9648 --- [weekend-flight-agent] [           main] p.w.w.d.planner.TripWindowGenerator      : Generated 500 candidate windows (global limit: 500)
2026-01-14T01:00:11.804+01:00  INFO 9648 --- [weekend-flight-agent] [           main] p.w.w.scheduler.DailyScanJob             : Generated 500 candidate windows
2026-01-14T01:00:11.864+01:00  INFO 9648 --- [weekend-flight-agent] [           main] p.w.w.domain.planner.WindowCheckPlanner  : WindowCheckPlanner: provider=default, candidates=500, eligible=0, selected=0, skippedRecent=500, skippedBudget=0
2026-01-14T01:00:11.864+01:00  INFO 9648 --- [weekend-flight-agent] [           main] p.w.w.scheduler.DailyScanJob             : Planner result: totalCandidates=500, selectedCount=0, skippedRecentlyChecked=500, skippedBudget=0
2026-01-14T01:00:11.864+01:00  INFO 9648 --- [weekend-flight-agent] [           main] p.w.w.scheduler.DailyScanJob             : Daily scan finished.
[INFO] Tests run: 2, Failures: 0, Errors: 0, Skipped: 0, Time elapsed: 2.306 s -- in pl.weekendflyer.weekendFlightAgent.scheduler.DailyScanJobIntegrationTest
[INFO] Running pl.weekendflyer.weekendFlightAgent.WeekendFlightAgentApplicationTests
2026-01-14T01:00:11.876+01:00  INFO 9648 --- [weekend-flight-agent] [           main] t.c.s.AnnotationConfigContextLoaderUtils : Could not detect default configuration classes for test class [pl.weekendflyer.weekendFlightAgent.WeekendFlightAgentApplicationTests]: WeekendFlightAgentApplicationTests does not declare any static, non-private, non-final, nested classes annotated with @Configuration.
2026-01-14T01:00:11.879+01:00  INFO 9648 --- [weekend-flight-agent] [           main] .b.t.c.SpringBootTestContextBootstrapper : Found @SpringBootConfiguration pl.weekendflyer.weekendFlightAgent.WeekendFlightAgentApplication for test class pl.weekendflyer.weekendFlightAgent.WeekendFlightAgentApplicationTests
[INFO] Tests run: 1, Failures: 0, Errors: 0, Skipped: 0, Time elapsed: 0.017 s -- in pl.weekendflyer.weekendFlightAgent.WeekendFlightAgentApplicationTests
[INFO] 
[INFO] Results:
[INFO] 
[INFO] Tests run: 94, Failures: 0, Errors: 0, Skipped: 0
[INFO] 
[INFO] ------------------------------------------------------------------------
[INFO] BUILD SUCCESS
[INFO] ------------------------------------------------------------------------
[INFO] Total time:  18.068 s
[INFO] Finished at: 2026-01-14T01:00:12+01:00
[INFO] ------------------------------------------------------------------------
